Certificate:
    Data:
        Version: 3 (0x2)
        Serial Number:
            63:18:0d:38:fb:80:97:78:a9:d0:35:a3:16:18:f8:40
    Signature Algorithm: sha256WithRSAEncryption
        Issuer: C=US, O=VeriSign, Inc., OU=VeriSign Trust Network, OU=(c) 2006 VeriSign, Inc. - For authorized use only, CN=VeriSign Class 3 Public Primary Certification Authority - G5
        Validity
            Not Before: Nov  6 00:00:00 2017 GMT
            Not After : Nov  5 23:59:59 2022 GMT
        Subject: C=US, O=DigiCert Inc, OU=www.digicert.com, CN=DigiCert Global Root G2
        Subject Public Key Info:
            Public Key Algorithm: rsaEncryption
                Public-Key: (2048 bit)
                Modulus:
                    00:bb:37:cd:34:dc:7b:6b:c9:b2:68:90:ad:4a:75:
                    ff:46:ba:21:0a:08:8d:f5:19:54:c9:fb:88:db:f3:
                    ae:f2:3a:89:91:3c:7a:e6:ab:06:1a:6b:cf:ac:2d:
                    e8:5e:09:24:44:ba:62:9a:7e:d6:a3:a8:7e:e0:54:
                    75:20:05:ac:50:b7:9c:63:1a:6c:30:dc:da:1f:19:
                    b1:d7:1e:de:fd:d7:e0:cb:94:83:37:ae:ec:1f:43:
                    4e:dd:7b:2c:d2:bd:2e:a5:2f:e4:a9:b8:ad:3a:d4:
                    99:a4:b6:25:e9:9b:6b:00:60:92:60:ff:4f:21:49:
                    18:f7:67:90:ab:61:06:9c:8f:f2:ba:e9:b4:e9:92:
                    32:6b:b5:f3:57:e8:5d:1b:cd:8c:1d:ab:95:04:95:
                    49:f3:35:2d:96:e3:49:6d:dd:77:e3:fb:49:4b:b4:
                    ac:55:07:a9:8f:95:b3:b4:23:bb:4c:6d:45:f0:f6:
                    a9:b2:95:30:b4:fd:4c:55:8c:27:4a:57:14:7c:82:
                    9d:cd:73:92:d3:16:4a:06:0c:8c:50:d1:8f:1e:09:
                    be:17:a1:e6:21:ca:fd:83:e5:10:bc:83:a5:0a:c4:
                    67:28:f6:73:14:14:3d:46:76:c3:87:14:89:21:34:
                    4d:af:0f:45:0c:a6:49:a1:ba:bb:9c:c5:b1:33:83:
                    29:85
                Exponent: 65537 (0x10001)
        X509v3 extensions:
            X509v3 Subject Key Identifier: 
                4E:22:54:20:18:95:E6:E3:6E:E6:0F:FA:FA:B9:12:ED:06:17:8F:39
            X509v3 Basic Constraints: critical
                CA:TRUE
            X509v3 Certificate Policies: 
                Policy: X509v3 Any Policy
                  CPS: https://d.symcb.com/cps
                  User Notice:
                    Explicit Text: https://d.symcb.com/rpa

            X509v3 CRL Distribution Points: 

                Full Name:
                  URI:http://s.symcb.com/pca3-g5.crl

            X509v3 Key Usage: critical
                Digital Signature, Certificate Sign, CRL Sign
            Authority Information Access: 
                OCSP - URI:http://s.symcd.com

            X509v3 Authority Key Identifier: 
                keyid:7F:D3:65:A7:C2:DD:EC:BB:F0:30:09:F3:43:39:FA:02:AF:33:31:33

    Signature Algorithm: sha256WithRSAEncryption
         50:dd:d3:56:29:25:01:8a:9e:a7:e5:7d:4d:b9:af:1b:8c:a2:
         d2:27:35:e5:9d:eb:1c:6a:f3:c4:08:ca:45:06:52:08:28:7d:
         a6:73:a9:8b:d9:7a:ff:c2:44:88:04:3a:ec:a8:03:b7:b0:17:
         26:a0:93:7e:9f:c5:77:d0:ee:49:7a:5a:ed:10:01:58:4b:24:
         43:5d:fb:bb:f1:99:47:9f:a9:2f:57:9f:e3:3d:41:44:08:43:
         3f:85:d3:74:c7:c5:9d:2e:91:a3:24:ca:9f:b3:41:06:e6:a1:
         e3:f9:46:b1:a6:e7:16:0f:8e:39:c1:e6:b8:ce:52:bb:85:44:
         7e:30:0f:1f:ab:46:1d:d4:71:0a:8f:87:3c:4d:c8:1a:40:81:
         cc:6b:82:87:af:8e:3c:71:0e:bd:7b:70:8f:10:24:61:44:d8:
         3e:44:02:93:d8:8e:d2:95:a5:73:2e:f6:81:ff:cc:b2:9b:6a:
         0c:08:4b:28:aa:24:53:f1:d6:d7:83:7e:5a:28:46:26:9b:39:
         f7:3b:f9:a7:07:b6:c6:51:df:c4:52:b9:08:7f:b1:55:6a:68:
         18:65:dd:5f:4b:34:1e:83:57:07:a9:fd:23:6b:a7:87:a6:fa:
         b6:6d:39:7e:71:61:47:6a:af:fc:e0:a9:47:7b:94:61:d0:2b:
         26:a5:9c:e7
